---
source: meksmith/tests/diagnostic_snapshots.rs
expression: "rendered_snapshot(&source, \"non_exhaustive_choice.mek\")"
---
[31mError:[0m choice `Body` does not cover enum variant(s): beta
    [38;5;246m╭[0m[38;5;246m─[0m[38;5;246m[[0m non_exhaustive_choice.mek:16:1 [38;5;246m][0m
    [38;5;246m│[0m
 [38;5;246m16 │[0m ╭─▶ choice(msb0) Body(tag: Tag) on tag {
 [38;5;240m   ┆[0m ┆   
 [38;5;246m18 │[0m ├─▶ }
 [38;5;240m   │[0m │       
 [38;5;240m   │[0m ╰─────── S0304
 [38;5;240m   │[0m     
 [38;5;240m   │[0m     [38;5;115mHelp[0m: add matching arms or a `_ => ...` catch-all
[38;5;246m────╯[0m
