---
source: meksmith/tests/diagnostic_snapshots.rs
expression: "rendered_snapshot(&source, \"duplicate_def.mek\")"
---
[31mError:[0m duplicate definition: `Alpha`
   [38;5;246m╭[0m[38;5;246m─[0m[38;5;246m[[0m duplicate_def.mek:7:1 [38;5;246m][0m
   [38;5;246m│[0m
 [38;5;246m7 │[0m ╭─▶ structure(msb0) Alpha {
 [38;5;240m  ┆[0m ┆   
 [38;5;246m9 │[0m ├─▶ }
 [38;5;240m  │[0m │       
 [38;5;240m  │[0m ╰─────── S0001
[38;5;246m───╯[0m
